[
  {
    "role": "user",
    "parts": [
      {
        "type": "text",
        "text": "このグループの奇数を合計すると偶数になります。: 4、8、9、15、12、2、1。"
      }
    ]
  },
  {
    "role": "assistant",
    "parts": [
      {
        "type": "text",
        "text": "奇数を全て加えると(9, 15, 1)25になります。答えはFalseです。"
      }
    ]
  },
  {
    "role": "user",
    "parts": [
      {
        "type": "text",
        "text": "このグループの奇数を合計すると偶数になります。: 17、10、19、4、8、12、24。"
      }
    ]
  },
  {
    "role": "assistant",
    "parts": [
      {
        "type": "text",
        "text": "奇数を全て加えると(17, 19)36になります。答えはTrueです。"
      }
    ]
  },
  {
    "role": "user",
    "parts": [
      {
        "type": "text",
        "text": "このグループの奇数を合計すると偶数になります。: 16、11、14、4、8、13、24。"
      }
    ]
  },
  {
    "role": "assistant",
    "parts": [
      {
        "type": "text",
        "text": "奇数を全て加えると(11, 13)24になります。答えはTrueです。"
      }
    ]
  },
  {
    "role": "user",
    "parts": [
      {
        "type": "text",
        "text": "このグループの奇数を合計すると偶数になります。: 17、9、10、12、13、4、2。"
      }
    ]
  },
  {
    "role": "assistant",
    "parts": [
      {
        "type": "text",
        "text": "奇数を全て加えると(17, 9, 13)39になります。答えはFalseです。"
      }
    ]
  },
  {
    "role": "user",
    "parts": [
      {
        "type": "text",
        "text": "このグループの奇数を合計すると偶数になります。: 。"
      }
    ]
  },
  {
    "role": "assistant",
    "parts": [
      {
        "type": "text",
        "text": "奇数をすべて加えると"
      }
    ]
  }
]