{
  "message": {
    "role": "assistant",
    "parts": [
      {
        "type": "text",
        "text": "execute summary \n"
      }
    ]
  }
}