{
  "metadata": {
    "Key1": [
      "value1"
    ],
    "Key2": [
      "value2"
    ]
  },
  "message": {
    "role": "assistant",
    "parts": [
      {
        "type": "reasoning",
        "text": "call weather tool on remote\ncall external tool\n"
      },
      {
        "type": "text",
        "text": "execute end \n"
      }
    ]
  }
}